ARM GAS  ../main_p1_part1.s 			page 1


   1              	@ This program will use a RS-232C driver to make speach come out of an RC
   2              	@ systems 8660 coice synthesizer.
   3              	@
   4              	@ File name: main_p1_part1.s
   5              	@ Board: Beagle Bone Black
   6              	@ Written by: James Ross
   7              	
   8              	.text
   9              	.global MESSAGE
  10              	.global CHAR_PTR
  11              	.global _start
  12              	_start:
  13              	@********************** START _start *******************************************
  14              	INIT_STACK:
  15 0000 2CD09FE5 		LDR SP, =SVC_STACK
  16 0004 01DA8DE2 		ADD SP, SP, #0x1000 @ point to top of stack
  17 0008 120002F1 		CPS #0x12			@ Switch to IRQ mode
  18              		
  19 000c 24D09FE5 		LDR SP, =IRQ_STACK
  20 0010 01DA8DE2 		ADD SP, SP, #0x1000
  21 0014 130002F1 		CPS #0x13			@ Switch back to SVC mode
  22              		
  23              	INIT_PIN_MAP:
  24 0018 FEFFFFEB 		BL _init_pinMap
  25              		
  26              	INIT_CLOCKS:
  27 001c FEFFFFEB 		BL _init_clocks
  28              	
  29              	INIT_UART4:
  30 0020 FEFFFFEB 		BL _init_uart4
  31              		
  32              	INIT_8660:
  33 0024 FEFFFFEB 		BL _init_syth_8660
  34              		
  35              	INIT_INTERRUPT:
  36 0028 FEFFFFEB 		BL _init_interrupt
  37              	
  38              	INIT_GPIO:
  39 002c FEFFFFEB 		BL _init_gpio
  40              		
  41              	WAIT_LOOP:
  42 0030 FEFFFFEA 		B WAIT_LOOP
  43              	
  44              	.data
  45              	.align 4
  46              		SVC_STACK:
  47              			.rept 1024
  48              				.word 0x0000
  49 0000 00000000 			.endr
  49      00000000 
  49      00000000 
  49      00000000 
  49      00000000 
  50              		IRQ_STACK:
  51              			.rept 1024
  52              				.word 0x0000
  53 1000 00000000 			.endr
ARM GAS  ../main_p1_part1.s 			page 2


  53      00000000 
  53      00000000 
  53      00000000 
  53      00000000 
  54              	.align 4
  55              		MESSAGE:
  56 2000 01       			.byte 0x01   @ Start voice setting
  57 2001 374F     			.ascii "7O"  @ Voice of Robo Robert
  58 2003 01       			.byte 0x01   @ Start of volume setting
  59 2004 3056     			.ascii "0V"	 @ Set volume 0 of 9 (lowest setting, still loud)
  60 2006 01       			.byte 0x1
  61 2007 3453     			.ascii "4S"
  62 2009 546F2074 			.ascii "To the point."
  62      68652070 
  62      6F696E74 
  62      2E
  63 2016 0D       			.byte 0x0D
  64 2017 00000000 	.align 4
  64      00000000 
  64      00
  65              		CHAR_PTR:
  66 2020 00000000 			.word MESSAGE
  67 2024 00000000 	.end
  67      00000000 
  67      00000000 
ARM GAS  ../main_p1_part1.s 			page 3


DEFINED SYMBOLS
  ../main_p1_part1.s:55     .data:00002000 MESSAGE
  ../main_p1_part1.s:65     .data:00002020 CHAR_PTR
  ../main_p1_part1.s:12     .text:00000000 _start
  ../main_p1_part1.s:14     .text:00000000 INIT_STACK
  ../main_p1_part1.s:46     .data:00000000 SVC_STACK
  ../main_p1_part1.s:15     .text:00000000 $a
  ../main_p1_part1.s:50     .data:00001000 IRQ_STACK
  ../main_p1_part1.s:23     .text:00000018 INIT_PIN_MAP
  ../main_p1_part1.s:26     .text:0000001c INIT_CLOCKS
  ../main_p1_part1.s:29     .text:00000020 INIT_UART4
  ../main_p1_part1.s:32     .text:00000024 INIT_8660
  ../main_p1_part1.s:35     .text:00000028 INIT_INTERRUPT
  ../main_p1_part1.s:38     .text:0000002c INIT_GPIO
  ../main_p1_part1.s:41     .text:00000030 WAIT_LOOP
  ../main_p1_part1.s:45     .data:00000000 $d
  ../main_p1_part1.s:44     .text:00000034 $d
                   .debug_aranges:0000000c $d

UNDEFINED SYMBOLS
_init_pinMap
_init_clocks
_init_uart4
_init_syth_8660
_init_interrupt
_init_gpio
