
Memory Configuration

Name             Origin             Length             Attributes
SRAM             0x402f0400         0x0000fc00
L3OCMC0          0x40300000         0x00010000
M3SHUMEM         0x44d00000         0x00004000
M3SHDMEM         0x44d80000         0x00002000
DDR0             0x80000000         0x40000000
*default*        0x00000000         0xffffffff

Linker script and memory map

                0x00018000                STACKSIZE = 0x18000
                0x00000400                HEAPSIZE = 0x400
LOAD ./init_clocks.o
LOAD ./init_gpio.o
LOAD ./init_interrupt.o
LOAD ./init_pinMapping.o
LOAD ./init_syth_8660.o
LOAD ./init_timer3.o
LOAD ./init_uart4.o
LOAD ./int_director.o
LOAD ./main_p1_part1.o
LOAD ./startup_ARMCA8.o
LOAD ./toggleLED.o

.rsthand        0x80000000       0x70
                0x80000000                . = ALIGN (0x10000)
 *(.isr_vector)
 .isr_vector    0x80000000       0x50 ./startup_ARMCA8.o
                0x80000000                __isr_vector
                0x8000004e                DEF_IRQHandler
 *startup_ARMCA8.o(.text)
 .text          0x80000050       0x20 ./startup_ARMCA8.o
                0x80000050                Entry
                0x80000070                . = ALIGN (0x4)

.text           0x80000070      0x2d4
 *(.text*)
 .text          0x80000070       0x20 ./init_clocks.o
                0x80000070                _init_clocks
 .text          0x80000090       0x44 ./init_gpio.o
                0x80000090                _init_gpio
 .text          0x800000d4       0x2c ./init_interrupt.o
                0x800000d4                _init_interrupt
 .text          0x80000100       0x78 ./init_pinMapping.o
                0x80000100                _init_pinMap
 .text          0x80000178       0x18 ./init_syth_8660.o
                0x80000178                _init_syth_8660
 .text          0x80000190        0x0 ./init_timer3.o
                0x80000190                _init_timer3
 .text          0x80000190       0x3c ./init_uart4.o
                0x80000190                _init_uart4
 .text          0x800001cc      0x120 ./int_director.o
                0x800001cc                _int_director
 .text          0x800002ec       0x3c ./main_p1_part1.o
                0x800002ec                _start
 .text          0x80000328       0x1c ./toggleLED.o
                0x80000328                _toggleLED
 *(.init)
 *(.fini)
 *crtbegin.o(.ctors)
 *crtbegin?.o(.ctors)
 *(EXCLUDE_FILE(*crtend.o *crtend?.o) .ctors)
 *(SORT(.ctors.*))
 *(.ctors)
 *crtbegin.o(.dtors)
 *crtbegin?.o(.dtors)
 *(EXCLUDE_FILE(*crtend.o *crtend?.o) .dtors)
 *(SORT(.dtors.*))
 *(.dtors)
 *(.rodata*)
 *(.eh_frame*)

.glue_7         0x80000344        0x0
 .glue_7        0x00000000        0x0 linker stubs

.glue_7t        0x80000344        0x0
 .glue_7t       0x00000000        0x0 linker stubs

.vfp11_veneer   0x80000344        0x0
 .vfp11_veneer  0x00000000        0x0 linker stubs

.v4_bx          0x80000344        0x0
 .v4_bx         0x00000000        0x0 linker stubs

.iplt           0x80000344        0x0
 .iplt          0x00000000        0x0 ./init_clocks.o

.rel.dyn        0x80000344        0x0
 .rel.iplt      0x00000000        0x0 ./init_clocks.o

.ARM.extab
 *(.ARM.extab* .gnu.linkonce.armextab.*)
                0x80000344                __exidx_start = .

.ARM.exidx
 *(.ARM.exidx* .gnu.linkonce.armexidx.*)
                0x80000344                __exidx_end = .

.data           0x80000350     0x2030
                0x80000350                . = ALIGN (0x4)
                0x80000350                __data_start__ = .
 *(vtable)
 *(.data*)
 .data          0x80000350        0x0 ./init_clocks.o
 .data          0x80000350        0x0 ./init_gpio.o
 .data          0x80000350        0x0 ./init_interrupt.o
 .data          0x80000350        0x0 ./init_pinMapping.o
 .data          0x80000350        0x0 ./init_syth_8660.o
 .data          0x80000350        0x0 ./init_timer3.o
 .data          0x80000350        0x0 ./init_uart4.o
 .data          0x80000350        0x0 ./int_director.o
 .data          0x80000350     0x2030 ./main_p1_part1.o
                0x80002350                MESSAGE
                0x80002370                CHAR_PTR
 .data          0x80002380        0x0 ./startup_ARMCA8.o
 .data          0x80002380        0x0 ./toggleLED.o
                0x80002380                . = ALIGN (0x4)
                0x80002380                PROVIDE (__preinit_array_start, .)
 *(.preinit_array)
                0x80002380                PROVIDE (__preinit_array_end, .)
                0x80002380                . = ALIGN (0x4)
                0x80002380                PROVIDE (__init_array_start, .)
 *(SORT(.init_array.*))
 *(.init_array)
                0x80002380                PROVIDE (__init_array_end, .)
                0x80002380                . = ALIGN (0x4)
                0x80002380                PROVIDE (__fini_array_start, .)
 *(SORT(.fini_array.*))
 *(.fini_array)
                0x80002380                PROVIDE (__fini_array_end, .)
                0x80002380                . = ALIGN (0x4)
                0x80002380                __data_end__ = .

.igot.plt       0x80002380        0x0
 .igot.plt      0x00000000        0x0 ./init_clocks.o

.bss            0x80002380        0x0
                0x80002380                . = ALIGN (0x4)
                0x80002380                __bss_start__ = .
 *(.bss*)
 .bss           0x80002380        0x0 ./init_clocks.o
 .bss           0x80002380        0x0 ./init_gpio.o
 .bss           0x80002380        0x0 ./init_interrupt.o
 .bss           0x80002380        0x0 ./init_pinMapping.o
 .bss           0x80002380        0x0 ./init_syth_8660.o
 .bss           0x80002380        0x0 ./init_timer3.o
 .bss           0x80002380        0x0 ./init_uart4.o
 .bss           0x80002380        0x0 ./int_director.o
 .bss           0x80002380        0x0 ./main_p1_part1.o
 .bss           0x80002380        0x0 ./startup_ARMCA8.o
 .bss           0x80002380        0x0 ./toggleLED.o
 *(COMMON)
                0x80002380                __bss_end__ = .

.heap           0x80002380      0x400
 FILL mask 0xdeadbeef
                0x80002380                . = ALIGN (0x4)
                0x80002380                __end__ = .
                0x80002380                end = __end__
                0x80002380                __HeapBase = __end__
 *(.heap*)
 .heap          0x80002380        0x0 ./startup_ARMCA8.o
                0x80002780                . = (. + HEAPSIZE)
 *fill*         0x80002380      0x400 deadbeef
                0x80002780                __HeapLimit = .

.stack          0x80002780    0x18000
 FILL mask 0xbad0bad0
                0x80002780                . = ALIGN (0x4)
                0x80002780                __StackLimit = .
 *(.stack*)
 .stack         0x80002780        0x0 ./startup_ARMCA8.o
                0x8001a780                . = (. + STACKSIZE)
 *fill*         0x80002780    0x18000 bad0bad0
                0x8001a780                __StackTop = .
                0x8001a780                __StackBase = .
                0x8001a780                PROVIDE (__stack, __StackTop)
START GROUP
LOAD c:/ti/ccsv6/tools/compiler/gcc-arm-none-eabi-4_7-2013q3/bin/../lib/gcc/arm-none-eabi/4.7.4/../../../../arm-none-eabi/lib\libc.a
LOAD c:/ti/ccsv6/tools/compiler/gcc-arm-none-eabi-4_7-2013q3/bin/../lib/gcc/arm-none-eabi/4.7.4\libgcc.a
LOAD c:/ti/ccsv6/tools/compiler/gcc-arm-none-eabi-4_7-2013q3/bin/../lib/gcc/arm-none-eabi/4.7.4/../../../../arm-none-eabi/lib\libnosys.a
END GROUP
START GROUP
LOAD c:/ti/ccsv6/tools/compiler/gcc-arm-none-eabi-4_7-2013q3/bin/../lib/gcc/arm-none-eabi/4.7.4\libgcc.a
LOAD c:/ti/ccsv6/tools/compiler/gcc-arm-none-eabi-4_7-2013q3/bin/../lib/gcc/arm-none-eabi/4.7.4/../../../../arm-none-eabi/lib\libg.a
LOAD c:/ti/ccsv6/tools/compiler/gcc-arm-none-eabi-4_7-2013q3/bin/../lib/gcc/arm-none-eabi/4.7.4/../../../../arm-none-eabi/lib\libc.a
END GROUP
OUTPUT(P1_part1.out elf32-littlearm)

.ARM.attributes
                0x00000000       0x1f
 .ARM.attributes
                0x00000000       0x1f ./init_clocks.o
 .ARM.attributes
                0x0000001f       0x1f ./init_gpio.o
 .ARM.attributes
                0x0000003e       0x1f ./init_interrupt.o
 .ARM.attributes
                0x0000005d       0x1f ./init_pinMapping.o
 .ARM.attributes
                0x0000007c       0x1f ./init_syth_8660.o
 .ARM.attributes
                0x0000009b       0x1f ./init_timer3.o
 .ARM.attributes
                0x000000ba       0x1f ./init_uart4.o
 .ARM.attributes
                0x000000d9       0x1f ./int_director.o
 .ARM.attributes
                0x000000f8       0x1f ./main_p1_part1.o
 .ARM.attributes
                0x00000117       0x1f ./startup_ARMCA8.o
 .ARM.attributes
                0x00000136       0x1f ./toggleLED.o

.debug_line     0x00000000      0x387
 .debug_line    0x00000000       0x49 ./init_clocks.o
 .debug_line    0x00000049       0x50 ./init_gpio.o
 .debug_line    0x00000099       0x4f ./init_interrupt.o
 .debug_line    0x000000e8       0x67 ./init_pinMapping.o
 .debug_line    0x0000014f       0x4a ./init_syth_8660.o
 .debug_line    0x00000199       0x51 ./init_uart4.o
 .debug_line    0x000001ea       0x95 ./int_director.o
 .debug_line    0x0000027f       0x53 ./main_p1_part1.o
 .debug_line    0x000002d2       0x71 ./startup_ARMCA8.o
 .debug_line    0x00000343       0x44 ./toggleLED.o

.debug_info     0x00000000      0x33b
 .debug_info    0x00000000       0x52 ./init_clocks.o
 .debug_info    0x00000052       0x50 ./init_gpio.o
 .debug_info    0x000000a2       0x55 ./init_interrupt.o
 .debug_info    0x000000f7       0x56 ./init_pinMapping.o
 .debug_info    0x0000014d       0x55 ./init_syth_8660.o
 .debug_info    0x000001a2       0x51 ./init_uart4.o
 .debug_info    0x000001f3       0x53 ./int_director.o
 .debug_info    0x00000246       0x54 ./main_p1_part1.o
 .debug_info    0x0000029a       0x51 ./startup_ARMCA8.o
 .debug_info    0x000002eb       0x50 ./toggleLED.o

.debug_abbrev   0x00000000       0xc6
 .debug_abbrev  0x00000000       0x14 ./init_clocks.o
 .debug_abbrev  0x00000014       0x14 ./init_gpio.o
 .debug_abbrev  0x00000028       0x14 ./init_interrupt.o
 .debug_abbrev  0x0000003c       0x14 ./init_pinMapping.o
 .debug_abbrev  0x00000050       0x14 ./init_syth_8660.o
 .debug_abbrev  0x00000064       0x14 ./init_uart4.o
 .debug_abbrev  0x00000078       0x14 ./int_director.o
 .debug_abbrev  0x0000008c       0x14 ./main_p1_part1.o
 .debug_abbrev  0x000000a0       0x12 ./startup_ARMCA8.o
 .debug_abbrev  0x000000b2       0x14 ./toggleLED.o

.debug_aranges  0x00000000      0x148
 .debug_aranges
                0x00000000       0x20 ./init_clocks.o
 .debug_aranges
                0x00000020       0x20 ./init_gpio.o
 .debug_aranges
                0x00000040       0x20 ./init_interrupt.o
 .debug_aranges
                0x00000060       0x20 ./init_pinMapping.o
 .debug_aranges
                0x00000080       0x20 ./init_syth_8660.o
 .debug_aranges
                0x000000a0       0x20 ./init_uart4.o
 .debug_aranges
                0x000000c0       0x20 ./int_director.o
 .debug_aranges
                0x000000e0       0x20 ./main_p1_part1.o
 .debug_aranges
                0x00000100       0x28 ./startup_ARMCA8.o
 .debug_aranges
                0x00000128       0x20 ./toggleLED.o

.debug_ranges   0x00000000       0x20
 .debug_ranges  0x00000000       0x20 ./startup_ARMCA8.o
