
Memory Configuration

Name             Origin             Length             Attributes
SRAM             0x402f0400         0x0000fc00
L3OCMC0          0x40300000         0x00010000
M3SHUMEM         0x44d00000         0x00004000
M3SHDMEM         0x44d80000         0x00002000
DDR0             0x80000000         0x40000000
*default*        0x00000000         0xffffffff

Linker script and memory map

                0x00018000                STACKSIZE = 0x18000
                0x00000400                HEAPSIZE = 0x400
LOAD ./init_gpio.o
LOAD ./init_pinMapping.o
LOAD ./init_timer3.o
LOAD ./init_uart4.o
LOAD ./int_director.o
LOAD ./main_p1_part1.o
LOAD ./startup_ARMCA8.o
LOAD ./toggleLED.o

.rsthand        0x80000000       0x70
                0x80000000                . = ALIGN (0x10000)
 *(.isr_vector)
 .isr_vector    0x80000000       0x50 ./startup_ARMCA8.o
                0x80000000                __isr_vector
                0x8000004e                DEF_IRQHandler
 *startup_ARMCA8.o(.text)
 .text          0x80000050       0x20 ./startup_ARMCA8.o
                0x80000050                Entry
                0x80000070                . = ALIGN (0x4)

.text           0x80000070       0xf8
 *(.text*)
 .text          0x80000070       0x3c ./init_gpio.o
                0x80000070                _init_gpio
 .text          0x800000ac       0x78 ./init_pinMapping.o
                0x800000ac                _init_pinMap
 .text          0x80000124        0x0 ./init_timer3.o
 .text          0x80000124        0x0 ./init_uart4.o
 .text          0x80000124        0x0 ./int_director.o
 .text          0x80000124       0x28 ./main_p1_part1.o
                0x80000124                _start
 .text          0x8000014c       0x1c ./toggleLED.o
                0x8000014c                _toggleLED
 *(.init)
 *(.fini)
 *crtbegin.o(.ctors)
 *crtbegin?.o(.ctors)
 *(EXCLUDE_FILE(*crtend.o *crtend?.o) .ctors)
 *(SORT(.ctors.*))
 *(.ctors)
 *crtbegin.o(.dtors)
 *crtbegin?.o(.dtors)
 *(EXCLUDE_FILE(*crtend.o *crtend?.o) .dtors)
 *(SORT(.dtors.*))
 *(.dtors)
 *(.rodata*)
 *(.eh_frame*)

.glue_7         0x80000168        0x0
 .glue_7        0x00000000        0x0 linker stubs

.glue_7t        0x80000168        0x0
 .glue_7t       0x00000000        0x0 linker stubs

.vfp11_veneer   0x80000168        0x0
 .vfp11_veneer  0x00000000        0x0 linker stubs

.v4_bx          0x80000168        0x0
 .v4_bx         0x00000000        0x0 linker stubs

.iplt           0x80000168        0x0
 .iplt          0x00000000        0x0 ./init_gpio.o

.rel.dyn        0x80000168        0x0
 .rel.iplt      0x00000000        0x0 ./init_gpio.o

.ARM.extab
 *(.ARM.extab* .gnu.linkonce.armextab.*)
                0x80000168                __exidx_start = .

.ARM.exidx
 *(.ARM.exidx* .gnu.linkonce.armexidx.*)
                0x80000168                __exidx_end = .

.data           0x80000168     0x1fd8
                0x80000168                . = ALIGN (0x4)
                0x80000168                __data_start__ = .
 *(vtable)
 *(.data*)
 .data          0x80000168        0x0 ./init_gpio.o
 .data          0x80000168        0x0 ./init_pinMapping.o
 .data          0x80000168        0x0 ./init_timer3.o
 .data          0x80000168        0x0 ./init_uart4.o
 .data          0x80000168        0x0 ./int_director.o
 .data          0x80000168     0x1fd8 ./main_p1_part1.o
 .data          0x80002140        0x0 ./startup_ARMCA8.o
 .data          0x80002140        0x0 ./toggleLED.o
                0x80002140                . = ALIGN (0x4)
                0x80002140                PROVIDE (__preinit_array_start, .)
 *(.preinit_array)
                0x80002140                PROVIDE (__preinit_array_end, .)
                0x80002140                . = ALIGN (0x4)
                0x80002140                PROVIDE (__init_array_start, .)
 *(SORT(.init_array.*))
 *(.init_array)
                0x80002140                PROVIDE (__init_array_end, .)
                0x80002140                . = ALIGN (0x4)
                0x80002140                PROVIDE (__fini_array_start, .)
 *(SORT(.fini_array.*))
 *(.fini_array)
                0x80002140                PROVIDE (__fini_array_end, .)
                0x80002140                . = ALIGN (0x4)
                0x80002140                __data_end__ = .

.igot.plt       0x80002140        0x0
 .igot.plt      0x00000000        0x0 ./init_gpio.o

.bss            0x80002140        0x0
                0x80002140                . = ALIGN (0x4)
                0x80002140                __bss_start__ = .
 *(.bss*)
 .bss           0x80002140        0x0 ./init_gpio.o
 .bss           0x80002140        0x0 ./init_pinMapping.o
 .bss           0x80002140        0x0 ./init_timer3.o
 .bss           0x80002140        0x0 ./init_uart4.o
 .bss           0x80002140        0x0 ./int_director.o
 .bss           0x80002140        0x0 ./main_p1_part1.o
 .bss           0x80002140        0x0 ./startup_ARMCA8.o
 .bss           0x80002140        0x0 ./toggleLED.o
 *(COMMON)
                0x80002140                __bss_end__ = .

.heap           0x80002140      0x400
 FILL mask 0xdeadbeef
                0x80002140                . = ALIGN (0x4)
                0x80002140                __end__ = .
                0x80002140                end = __end__
                0x80002140                __HeapBase = __end__
 *(.heap*)
 .heap          0x80002140        0x0 ./startup_ARMCA8.o
                0x80002540                . = (. + HEAPSIZE)
 *fill*         0x80002140      0x400 deadbeef
                0x80002540                __HeapLimit = .

.stack          0x80002540    0x18000
 FILL mask 0xbad0bad0
                0x80002540                . = ALIGN (0x4)
                0x80002540                __StackLimit = .
 *(.stack*)
 .stack         0x80002540        0x0 ./startup_ARMCA8.o
                0x8001a540                . = (. + STACKSIZE)
 *fill*         0x80002540    0x18000 bad0bad0
                0x8001a540                __StackTop = .
                0x8001a540                __StackBase = .
                0x8001a540                PROVIDE (__stack, __StackTop)
START GROUP
LOAD c:/ti/ccsv6/tools/compiler/gcc-arm-none-eabi-4_7-2013q3/bin/../lib/gcc/arm-none-eabi/4.7.4/../../../../arm-none-eabi/lib\libc.a
LOAD c:/ti/ccsv6/tools/compiler/gcc-arm-none-eabi-4_7-2013q3/bin/../lib/gcc/arm-none-eabi/4.7.4\libgcc.a
LOAD c:/ti/ccsv6/tools/compiler/gcc-arm-none-eabi-4_7-2013q3/bin/../lib/gcc/arm-none-eabi/4.7.4/../../../../arm-none-eabi/lib\libnosys.a
END GROUP
START GROUP
LOAD c:/ti/ccsv6/tools/compiler/gcc-arm-none-eabi-4_7-2013q3/bin/../lib/gcc/arm-none-eabi/4.7.4\libgcc.a
LOAD c:/ti/ccsv6/tools/compiler/gcc-arm-none-eabi-4_7-2013q3/bin/../lib/gcc/arm-none-eabi/4.7.4/../../../../arm-none-eabi/lib\libg.a
LOAD c:/ti/ccsv6/tools/compiler/gcc-arm-none-eabi-4_7-2013q3/bin/../lib/gcc/arm-none-eabi/4.7.4/../../../../arm-none-eabi/lib\libc.a
END GROUP
OUTPUT(P1_part1.out elf32-littlearm)

.ARM.attributes
                0x00000000       0x1f
 .ARM.attributes
                0x00000000       0x1f ./init_gpio.o
 .ARM.attributes
                0x0000001f       0x1f ./init_pinMapping.o
 .ARM.attributes
                0x0000003e       0x1f ./init_timer3.o
 .ARM.attributes
                0x0000005d       0x1f ./init_uart4.o
 .ARM.attributes
                0x0000007c       0x1f ./int_director.o
 .ARM.attributes
                0x0000009b       0x1f ./main_p1_part1.o
 .ARM.attributes
                0x000000ba       0x1f ./startup_ARMCA8.o
 .ARM.attributes
                0x000000d9       0x1f ./toggleLED.o

.debug_line     0x00000000      0x1b8
 .debug_line    0x00000000       0x4e ./init_gpio.o
 .debug_line    0x0000004e       0x67 ./init_pinMapping.o
 .debug_line    0x000000b5       0x4e ./main_p1_part1.o
 .debug_line    0x00000103       0x71 ./startup_ARMCA8.o
 .debug_line    0x00000174       0x44 ./toggleLED.o

.debug_info     0x00000000      0x19b
 .debug_info    0x00000000       0x50 ./init_gpio.o
 .debug_info    0x00000050       0x56 ./init_pinMapping.o
 .debug_info    0x000000a6       0x54 ./main_p1_part1.o
 .debug_info    0x000000fa       0x51 ./startup_ARMCA8.o
 .debug_info    0x0000014b       0x50 ./toggleLED.o

.debug_abbrev   0x00000000       0x62
 .debug_abbrev  0x00000000       0x14 ./init_gpio.o
 .debug_abbrev  0x00000014       0x14 ./init_pinMapping.o
 .debug_abbrev  0x00000028       0x14 ./main_p1_part1.o
 .debug_abbrev  0x0000003c       0x12 ./startup_ARMCA8.o
 .debug_abbrev  0x0000004e       0x14 ./toggleLED.o

.debug_aranges  0x00000000       0xa8
 .debug_aranges
                0x00000000       0x20 ./init_gpio.o
 .debug_aranges
                0x00000020       0x20 ./init_pinMapping.o
 .debug_aranges
                0x00000040       0x20 ./main_p1_part1.o
 .debug_aranges
                0x00000060       0x28 ./startup_ARMCA8.o
 .debug_aranges
                0x00000088       0x20 ./toggleLED.o

.debug_ranges   0x00000000       0x20
 .debug_ranges  0x00000000       0x20 ./startup_ARMCA8.o
